// Jest Snapshot v1, https://goo.gl/fbAQLP

exports[`Companies tests matches snapshot 1`] = `
<DocumentFragment>
  <h2>
    Loading Companies â€¦
  </h2>
</DocumentFragment>
`;
