// Jest Snapshot v1, https://goo.gl/fbAQLP

exports[`Company tests matches snapshot 1`] = `
<DocumentFragment>
  <h2>
    Loading company data
  </h2>
</DocumentFragment>
`;
