// Jest Snapshot v1, https://goo.gl/fbAQLP

exports[`Home tests matches snapshot 1`] = `
<DocumentFragment>
  <div
    class="Home"
  >
    <h1>
      Jobly
    </h1>
    <p>
      All the jobs in one, convenient place.
    </p>
    <a
      href="/login"
    >
      <button>
        Log in
      </button>
    </a>
  </div>
</DocumentFragment>
`;
